// Jest Snapshot v1, https://goo.gl/fbAQLP

exports[`BMap loaded should match snapshot 1`] = `
<div>
  map
</div>
`;
